atme@atme-HP-280-Pro-G6-Microtower-PC:~$ ssh -keygen -t ed25519 -C "karthamadaponnanna@gmail.com"
Bad escape character 'ygen'.
atme@atme-HP-280-Pro-G6-Microtower-PC:~$ ssh-keygen -t ed25519 -C "karthamadaponnanna@gmail.com"
Generating public/private ed25519 key pair.
Enter file in which to save the key (/home/atme/.ssh/id_ed25519): /home/atme/.ssh/id_ed25519
/home/atme/.ssh/id_ed25519 already exists.
Overwrite (y/n)? y
Enter passphrase (empty for no passphrase): 
Enter same passphrase again: 
Your identification has been saved in /home/atme/.ssh/id_ed25519.
Your public key has been saved in /home/atme/.ssh/id_ed25519.pub.
The key fingerprint is:
SHA256:4xgsBFitYoh+9gTwcAHpcZtlrYtw66eA0sR3jFkJ0JE karthamadaponnanna@gmail.com
The key's randomart image is:
+--[ED25519 256]--+
| +*=+o.          |
|.= +E+ o         |
|+ B.* +          |
|+=.B B           |
|o.= O * S        |
|.+ * = + .       |
|o.= o . .        |
|. .. o           |
|   .o            |
+----[SHA256]-----+
atme@atme-HP-280-Pro-G6-Microtower-PC:~$ eval "$(ssh-aggent -s)"

Command 'ssh-aggent' not found, did you mean:

  command 'ssh-agent' from deb openssh-client

Try: sudo apt install <deb name>

atme@atme-HP-280-Pro-G6-Microtower-PC:~$ eval "$(ssh-agent -s)"
Agent pid 3821
atme@atme-HP-280-Pro-G6-Microtower-PC:~$ ssh-add ~/.ssh/id_ed25519
Enter passphrase for /home/atme/.ssh/id_ed25519: 
Identity added: /home/atme/.ssh/id_ed25519 (karthamadaponnanna@gmail.com)
atme@atme-HP-280-Pro-G6-Microtower-PC:~$ cat ~/.ssh/id_ed25519
-----BEGIN OPENSSH PRIVATE KEY-----
b3BlbnNzaC1rZXktdjEAAAAACmFlczI1Ni1jdHIAAAAGYmNyeXB0AAAAGAAAABBUEZEvCM
GihqIgfRlhIOKmAAAAEAAAAAEAAAAzAAAAC3NzaC1lZDI1NTE5AAAAIDKs3kLnCVlS/fwL
XokU2/8OHGiBepDOGaLFuU/bgVhXAAAAoDguwQ49ns0TbNrzVC/9cOertLIdoBrK1RxNLc
Mj0RzR6j2Bcu+10E8XGAVBwUQJscVlw0IHmUBqrm9kBIeg+hcHf2S6pxBfmA7sZiUy8biG
za9+K4RC53OiQouuUBLQchSwXRNz9ep+jZChVckWc7vS3s75nIaIZvs5cmUBvmy1zPuyFP
NAyQ0WPh7wndNiKOoQX0hxehkXwrsbfyM+2f8=
-----END OPENSSH PRIVATE KEY-----
atme@atme-HP-280-Pro-G6-Microtower-PC:~$ cat ~/.ssh/id_ed25519.pub
ssh-ed25519 AAAAC3NzaC1lZDI1NTE5AAAAIDKs3kLnCVlS/fwLXokU2/8OHGiBepDOGaLFuU/bgVhX karthamadaponnanna@gmail.com
atme@atme-HP-280-Pro-G6-Microtower-PC:~$ gedit fulltxt.txt
atme@atme-HP-280-Pro-G6-Microtower-PC:~$ ^C
atme@atme-HP-280-Pro-G6-Microtower-PC:~$ ^C
atme@atme-HP-280-Pro-G6-Microtower-PC:~$ 
s
